// Jest Snapshot v1, https://goo.gl/fbAQLP

exports[`loads 500 top posts from the Reddit API 1`] = `
Array [
  "Why you can't secure a React Native (or any frontend) application",
  "Logic programming with JSON.",
  "Write SQL Queries With Confidence (TypeScript + Postgres)",
  "MDN Web Docs-Modernization of (static) code examples · Discussion #143 · mdn",
  "New Chrome DevTools feature: record, replay, and measure user interactions",
  "[AskJS] Looking for an OS agnostic search module for node.",
  "I’ve created a Vanilla JS lib that generates animated waves",
  "Express like api for bunjs ( Just for fun)",
  "An JavaScript Implementation of Bionic-Reading (Faster, Better, and More Focused text styles)",
  "GitHub - bugra9/gdal3.js: Convert raster and vector geospatial data to various formats and coordinate systems entirely in the browser.",
  "A simple boilerplate generator for your node express backend project",
  "I ported a large C++ library to the browser!",
  "Implementing Microservices in NodeJS",
  "[AskJS] What if node_modules contained JavaScript bytecode instead of source code?",
  "Chrome vulnerability reported for 3.2 billion users",
  "Testing Library Recorder is now available for Chrome! Export tests from the DevTools Recorder panel to Testing Library test scripts using Jest.",
  "An original strategy game similar to Chess built with modern JS libraries.",
  "WinBox - a professional HTML5 window manager for the web: lightweight, outstanding performance, no dependencies, fully customizable, open source",
  "Web Scraping Google With Node JS - A Complete Guide",
  "Comment Spam",
  "A guide to frontend migrations",
  "[AskJS] Advanced javascript books for very deep dive and solidify understanding??",
  "I have created a robot that generates Google presentations from Wikipedia article",
  "kurwov: a really fast markov chain text generator.",
  "[AskJS] What features do you think this proposal is missing vs the current typescript state?",
  "How To NOT Block The Browser — The Event Loop, Asynchronous Scheduling, Web Workers &amp; Examples",
  "How to write your own state management library",
  "An omniscient debugger for JS with visual runtime analysis tools, and real-world bugs to test it on",
  "Save money on Next.js image optimization",
  "Handling user-created logic in javascript and running it safely on the client",
  "Derive-Type: Automatically Generate TypeScript Definitions",
  "I created a platform where users can share code examples and receive feedback in form of refactored versions of it.",
  "New in Node.js: \\"node:\\" protocol imports",
  "4 Ways to Handle Async Operations in Javascript",
  "The node.js addon of nanoid written in Rust (42.69% faster)",
  "uFuzzy.js – A tiny, efficient fuzzy search that doesn't suck",
  "TSON validators started supporting Template Literal Types",
  "Vite Hot Module Replacement For Creative Coding - A Complete Example",
  "[AskJS] What is the library that javascript uses underneath for async/await?",
  "Trie Data Structure in JavaScript: the Data Structure behind Autocomplete",
  "A real-world React app for creating custom meal plans and exporting them to PDFs",
  "LINQ, Java Stream API like library for Javascript / Typescript",
  "LEMONADEJS v2 new release - A JS micro reactive library (about 6Kbytes) with reducers, no transpile required.",
  "I developed an app where you Message Yourself Notes - Luckynote (Web, iOS, Android). With Browser Extension you can Bookmark as well as Save Text and Images from any website. I find it useful for saving code Snippets and useful Repos.",
  "[AskJS] What architectural patterns do you use most often in frontend development?",
  "Liqe: Lightweight and performant Lucene-like parser and search engine",
  "[AskJS] How heavy do you lean into TypeScript?",
  "ES1995: Javascript that could have been",
  "Relesed v1.0.0 of my pet javasscript project yesterday after hitting 100% coverage- a gesture detection library",
  "[AskJS] Confused about sending requests in HTTP1 and HTTP2",
  "MapLibre V2: Add 3D terrain to your map | MapTiler",
  "BlockLike: Bridging the gap between block programming and JavaScript.",
  "Markdown Tag &lt;md&gt; : Add Markdown Support to any website with ease.",
  "fnm: Fast and simple Node.js version manager, built in Rust",
  "React folder structure for enterprise level applications",
  "[AskJS] Why not just add 'application/typescript' support for browsers.",
  "I created a program to make cool desktop widgets with HTML for your PC",
  "Stripe - Migrating millions of lines of code to TypeScript",
  "WebAssembly in my Browser Desktop Environment",
  "Don't try this at home: CSS _as_ the backend - introducing Cascading Server Sheets!",
  "30 seconds of code: Short JavaScript code snippets for all your development needs",
  "Vue has switched default version to v3",
  "A new modern and tree-shakeable version of Faker.js",
  "CSS libraries visualized as a fantasy map + an open source story, that you can help to develop",
  "I Made a Web App to Showcase all your GitHub Projects!",
  "[AskJS] Has anyone worked on implementing micro-frontends? if yes, at what scale?",
  "Would you watch a kitchen from hell like show where a seasoned engineer tours companies to turn around their code base?",
  "GitHub - meyda/meyda: Audio feature extraction for JavaScript.",
  "So, What’s the Deal With Micro-Frontends?",
  "Patterns.dev is a free book on design patterns",
  "Future Javascript: Records and Tuples",
  "Future Javascript: ShadowRealms",
  "No-JavaScript Fingerprinting",
  "Taking a Look at the New Pipe Operator in JavaScript",
  "Apple's WebKit comes to GitHub",
  "GitHub - DgrmJS is a JavaScript library for creating SVG flow diagrams. The main goal of the library is to set up workflows in BPM (Business Process Management) systems. Works on desktop and mobile, has no dependency, 3.5 KB gzipped.",
  "Write better JavaScript, function composition with pipe and compose",
  "LocalStorage: A complete guide",
  "I created a website (proposals.es) for viewing ECMAScript proposals, champions, and more. Built with React, TypeScript, and Next.js",
  "[AskJS] Tauri vs Electron",
  "Open sourcing Chirpy: A privacy-friendly and customizable Disqus alternate.",
  "Deno joins TC39",
  "I've been streaming hardware driver development using node. If you've ever wondered what's involved when talking to hardware, but were put off by needing to know C or kernel internals, you might enjoy this",
  "Big Changes Ahead for Deno",
  "[AskJS] How do you release libraries updates with breaking changes?",
  "The difference between “undefined” and “not defined” in JavaScript",
  "Iterating over the other 80%",
  "VSCode extension that highlights HTML in your \`template strings\`",
  "Building a dashboard with Google Charts: a step-by-step tutorial — a charting service rather than a charting library; pure JavaScript, no frameworks",
  "Neutralinojs v4.2.0 released!",
  "[AskJS] Trend of using &amp;&amp; as a replacement for if statements",
  "Million is a lightweight &lt;1kb Virtual DOM. It's really fast",
  "Hoppscotch - Open-Source Alternative to Postman",
  "Vanta.js - Animated website backgrounds in a few lines of code",
  "I struggled to understand re-rendering and memoization in React for a long time. Today I wrote the article I wish I had read many years ago. The information is concise and to the point. I hope it helps someone.",
  "Microsoft brings new JavaScript APIs to Excel",
  "A quick guide to cell phone vibration with JavaScript",
  "[AskJS] What is an issue you struggle with your current tech stack?",
  "Elastic UI - a design library in use at Elastic to build internal products that need to share our aesthetics. It distributes UI React components and static assets for use in building web layouts",
  "JavaScript of Halftone Printing",
  "Yarn 3.1 - Corepack, ESM, pnpm mode, Optional Packages ...",
  "Migrating a MEAN AngularJS app to React, Next.js, and TypeScript",
  "A brief history of data fetching",
  "React State Museum - Examples to help portray the how, why, which, pros, and cons of various state management systems in the React ecosystem",
  "[AskJS] Do you also spend more time configuring tooling and resolving package problems than actually working?",
  "hiccupFX.js - Do you ever open a website and watch in amazement as the page elements haphazardly shift around? Don't you wish your webpage could do something like that?",
  "GridSound - a work-in-progress open-source digital audio workstation developed with HTML5 and more precisely with the new Web Audio API",
  "SPAs: theory versus practice",
  "An Adobe Scan Clone with Zero Dependencies, 5kB",
  "Webview UI Toolkit for Visual Studio Code",
  "PoC: a free open-source tool for practicing JavaScript (other technologies coming soon)",
  "Why You Should Prefer Map Over Object In JavaScript",
  "Conditionally spreading objects in JavaScript",
  "You don't need void 0 in JavaScript",
  "Marko for Sites, Solid for Apps",
  "A Complete Guide To Check Data Types In JavaScript",
  "Web Performance Wins Are Deceptively Hard",
  "Preemptive Memoization In React Is Probably Not Evil (Yet)",
  "Chaotic JavaScript Patterns",
  "You may not need a bundler for your NPM library",
  "Tutorial: Building an interactive screen-sharing app with Puppeteer and React",
  "OS.js - an open-source JavaScript web desktop platform with a window manager, application APIs, GUI toolkit, filesystem abstractions and much more",
  "Facebook Open Sources MemLab: A framework for finding JavaScript memory leaks",
  "Chalk.ist - Create beautiful images of your source code",
  "Advanced TypeScript Patterns: API Contracts",
  "4x smaller, 50x faster - Rewriting asciinema in Rust and SolidJS",
  "The impact of removing jQuery on our web performance",
  "Notebooks, Visual Studio Code style",
  "Announcing TypeScript 4.6",
  "Decorators make it to stage 3",
  "Developer Tools secrets that shouldn’t be secrets",
  "NPM had an obfuscated birthday-like easter egg that can be mistaken as a malware. What do you think about that?",
  "Solid.js feels like what I always wanted React to be",
  "[AskJS] How many eslint warnings do you have in your project?",
  "[AskJS] object oriented or functional , which one you guys oftenly use while writing code in vanilla JavaScript?",
  "[AskJS] is there public repo showing production level code of REST APIs using nodejs",
  "Ember 4.0 released",
  "Node.js is performant, mostly.",
  "PrinceJS: Prince of Persia",
  "Useless Machine web edition",
  "Falso v2 is out - A modern, tree-shakable replacement for Faker.js",
  "Temporal API - Are we saying goodbye to the JavaScript Date object?",
  "Volta vs. nvm for JavaScript tooling",
  "Why I don't miss React: a story about using the platform",
  "LaTeX.wasm: PdfTeX and XeTeX as libraries for browsers",
  "Push API: Web Push Notifications are coming to iOS and Safari (confirmed by Apple)",
  "tsParticles 2.1.3 released! Various improvements and bug fixes. Read the full changelog here. Add JavaScript particles, confetti, or fireworks effects to your website today.",
  "Payload, a Dev-First TypeScript Headless CMS Announces Move to Free and Open-Source License",
  "Backdoors can be hidden in JS code using \\"invisible\\" variables. Code looks completely harmless.",
  "Game of Codes - if front-end technologies were countries",
  "Nested JSON files are hard to read. So you can try this Out.",
  "JavaScript naming conflicts: How existing code can force proposed features to be renamed",
  "Sendight - An open source webRTC based peer to peer file sharing web app",
  "A new year, a new MDN",
  "heavy.js - is your site too light? Need more pizzaz? Make it heavy with a single, zero dependency script",
  "Mithril.js release a new version after nearly 3 years",
  "Payload CMS just launched its first major version and is now out of public beta",
  "Since my driver video was well received last time, here is another: Building an SD Card driver from scratch",
  "Writing a Printer Driver in JavaScript",
  "[AskJS] Why Math.sqrt is so slow in Firefox?",
  "Fighting TLS fingerprinting with Node.js",
  "Ace, CodeMirror, and Monaco: A Comparison of the Code Editors You Use in the Browser",
  "My hook-based state management library for React just got Redux DevTools support and a new DEMO page. Check it out!",
  "v1 of Remix is officially out",
  "Node.js creator Ryan Dahl urges Oracle to release JavaScript trademark: “The trademark is a dark cloud looming over the world’s most popular programming language,” he wrote. “Careful law abiding engineers bend over backwards to avoid its use – leading to confusing terms like ECMAScript.\\"",
  "eslint-config-canonical: 1,000+ rules ESLint rules",
  "Writing a Fuzzy Search Component With Preact and Fuse for Astro",
  "React I Love You, But You're Bringing Me Down",
  "Consistently responsive apps while staying on the main thread",
  "\\"Dev burnout drastically decreases when you actually ship things regularly. Burnout is caused by crap like toil, rework and spending too much mental energy on bottlenecks.\\" Cool conversation with the head engineer of Slack on how burnout is caused by all the things that keep devs from coding.",
  "Jest 28 reduces installation size by 30%",
  "Introducing Ladle, a drop-in alternative to Storybook for React components. Based on Vite , instant server start, 4x faster production build, 20x smaller footprint, code-splitting, fast refresh, single dependency &amp; command and no configuration required.",
  "Stripe payment links - but open source",
  "Fresh 1.0 stable release",
  "React v18.0 released",
  "Get started with Medusa: the open-source alternative to Shopify built in Node.js",
  "JavaScript's Dependency Problem",
  "[AskJS] TIL StackOverflow monkeypatches the String prototype across its various sites.",
  "Announcing Rome Formatter",
  "zx 7.0.0 release",
  "Hathora: Make Multiplayer Games with Javascript",
  "Four Eras of JavaScript Frameworks",
  "[AskJS] Am I the only one that just cannot grasp how to mock in tests?",
  "Empty npm package '-' has over 700,000 downloads",
  "Node v17.0.0 (Current)",
  "How we built a Postgres Database UI using Next.js on top of Hasura’s GraphQL Engine",
  "The Cost of Consistency in UI Frameworks",
  "My covid project: Create PDF templates with a GUI and render via an API",
  "Creating Modern npm Packages",
  "Contributing to MDN: Meet the Contributors",
  "npm patched a bug that would allow anyone to push a new version of any package without authorization",
  "Deno raises $21M",
  "Introducing the Markdown Language Server",
  "From JavaScript to Rust, an open source ebook",
  "Next.js 12 - Rust Compiler, React 18 and Native ES Modules Support, React Server Components",
  "Announcing TypeScript 4.7",
  "ES2022 Features!",
  "Why I enjoy Next.js and Vercel",
  "Mailing: build + send + test emails with React",
  "What people in tech had to say about JavaScript when it debuted in 1995",
  "Create React App v5 has been released",
  "[AskJS] How is it usually your working time? Do you develop 8 hours of your work?",
  "Bun: Fast JavaScript runtime, transpiler, and npm client written in Zig",
  "JavaScript Rising Stars in 2021",
  "I built a social website for sharing and discovering web code snippets.",
  "React 18 Release candidate released",
  "Axios reaches 1.0.0",
  "Discontinued Long Term Support for AngularJS",
  "[AskJS] Returning new Promise vs. returning Promise.resolve()",
  "Node.js 18 is now available",
  "[AskJS] Is anyone using Monads (or other advanced functional programming techniques) in production code? If so, what are you using them for?",
  "[AskJS] How were asynchronous functions written before Promises?",
  "Reliably Send an HTTP Request as a User Leaves a Page | CSS-Tricks",
  "Faker.js gets erased",
  "Prettier 2.6: new singleAttributePerLine option and new JavaScript features",
  "You Can Publish Private NPM Packages In Github Package Registry",
  "Oven: The company behind Bun gets $7m",
  "State of JavaScript 2021 Survey Results",
  "Joycon.js - Add controller functionality to your JavaScript game.",
  "Introducing even more security enhancements to npm",
  "Retrospective and Technical Details on the recent Firefox Outage",
  "Introducing Budibase - an open-source low-code platform and alternative to PowerApps, Mendix, Retool. It’s completely written in Node js and Svelte js. With Budibase, you can connect to SQL/NoSQL databases, or start from scratch, and build simple CRUD apps in minutes.",
  "Learn to use throttle and debounce to optimize performance in React",
  "I made a VS Code extension that helps you refactor JavaScript",
  "TIL that we can send data via sound with javascript",
  "Building a beautiful Kanban board with Node.js, React and Websockets",
  "Microvium is very small -The Microvium JavaScript engine for microcontrollers takes about 8.5 kB of ROM and 34 bytes of RAM per VM while idle",
  "Applying SOLID principles in React",
  "Vuestic UI 1.4.0, UI Framework for Vue 3, is out. Now it comes with Nuxt 3 support, carousel and counter components.",
  "Vuestic UI 1.3.0, UI Framwork for Vue 3, is out. Huge update with data tables, Ag Grid theme and beautiful time pickers [x-post from r/vuejs]",
  "A Whole Website in a Single JavaScript File, cont'd",
  "How to use JavaScript feature flags to deploy a feature safely [React.js example]",
  "Vite 3.0 is out!",
  "Bundle Scanner - a tool I built that identifies which NPM libraries are used on any website",
  "Dune: A new JavaScript and TypeScript runtime",
  "Storybook 6.5 is out—new workflows and perf improvements",
  "Array.prototype.groupBy to the rescue!",
  "Advent of Rust: a 24-part series mapping node, JS, and TS concepts to Rust. Day 1 is Rust's nvm, rustup.",
  "Storybook Performance: Vite vs Webpack",
  "Record and Tuples are two new upcoming datatypes that can make handling data almost as easy as in type-safe languages and will be performance efficient.",
  "Uppy 3.0: Future-proof, conveniently easy, stable as ever",
  "Lit - a simple library for building fast, lightweight web components. At Lit's core is a boilerplate-killing component base class that provides reactive state, scoped styles, and a declarative template system that's tiny, fast and expressive",
  "Deepkit - High-Performance TypeScript Framework",
  "5 ways to prevent code injection in JavaScript and Node.js, an article I wrote on the Snyk blog",
  "[AskJS] Code for a cake",
  "Introducing a new JS library that makes taking screenshots from webapps easier",
  "Nobody at Facebook has worked on Jest for years",
  "vscode.dev Visual Studio Code for the Web",
  "[AskJS] When did W3Schools' reputation change?",
  "React has shipped experimental support for custom elements and they are looking for feedback",
  "The Open Source alternative to Twilio (Fonoster) is the second most popular repo in GitHub today for the Javascript category",
  "After 1 YEAR of hard work my NEW Ultimate Web Desktop Environment is ready for launch!!!!!",
  "I built an open source Chrome &amp; Firefox extension that generates Playwright or Puppeteer scripts right from your browser interactions (updated!)",
  "A Proposal for Type Syntax in JavaScript",
  "ES2022 as approved by the Ecma General Assembly",
  "Meta Open Source is transferring Jest to the OpenJS Foundation",
  "Visual Studio Code March 2022",
  "ESLint plugin for Storybook",
  "Auto-Currying In TypeScript",
  "Vue.js developers impacted due to malicious security incident involving npm package node-ipc which alters files on their drives",
  "Made a Typing Survival game in 4KB of javascript. Quite challenging, known highscore yet is 111 while my own high score is 92.",
  "Nx - The fastest growing monorepo solution in the JS ecosystem",
  "Current stats show that React is still by far the most popular and beloved front-end framework",
  "What I learned from migrating a high-traffic website from Gatsby to Next.js",
  "Realistic engineering hiring assessments - We've looked carefully through hundreds of public repositories and ranked each of them using a 5 star scale to help you find an effective take-home assessment",
  "Announcing TypeScript 4.5",
  "Building a complex Chrome Extension with Webpack and Vue.js: source code of Willpower",
  "js13kGames 2021 winners, top in criteria, and expert picks",
  "Using WebAssembly (created in Rust) for Fast React Components",
  "Visual Studio Code November 2021",
  "Simple JS game programming through a comic",
  "[AskJS] What are some real world applications of JS Proxy objects?",
  "protoscript: a protocol buffers runtime and code generation tool for JavaScript and TypeScript",
  "JavaScript APIs You Don’t Know About (Page Visibility, Web Share, Broadcast Channel, Internationalization)",
  "The baseline for web development in 2022",
  "Mozilla partners with the Center for Humane Technology",
  "Announcing Parcel v2",
  "Record, replay and measure user flows - Chrome Developers",
  "React 18 Quick Guide &amp; Core Concepts Explained",
  "ToolJet - Extensible open-source (5k+ stars on gitHub) low-code framework. Completely built using React and NestJS. Connect to databases, cloud storages, GraphQL, API endpoints Airtable, etc and build apps using drag and drop editor. Alternative to PowerApps and Retool.",
  "Proposal withdrawn for Function.pipe / flow",
  "Glitch Equalizer - &lt;canvas&gt; based equalizer that increases the glitches based on music intensity",
  "New Docs - Islands of Interactivity with Vue 3 in Vite.js",
  "How I validate routes with TypeScript!",
  "React Router v6",
  "Build a fantasy CPU emulator in JavaScript",
  "Introducing Metho: Safely adding superpowers to JS",
  "[AskJS] What's your opinion about React 18 and do you feel the framework is at the forefront of innovation compared to Vue, Angular, Ember, Meteor, Mithril, Polymer and the others... is it going the right way for you or you would have changed a few things ?",
  "Lerna is Officially Dead. Long Live Monorepos",
  "I am tired of seeing remote jobs but only within certain countries. So, I made a site to curate completely location independent jobs from various sources. It now has around 500 work from anywhere job opportunities.",
  "I made a web game using emojis and no JS framework",
  "[AskJS] js based extendable browser?",
  "I made a collection of free design blocks and components for TailwindCSS [MIT license]",
  "Turboprop: JS Arrays as Property Accessors!?!",
  "[AskJS] How to interview front end architects?",
  "ECMAScript 2022 introduces at() method in Array, String, TypedArray",
  "xlsx has moved away from npm last week, and left the npm version to be seemingly unsupported without any warning to the users",
  "The State of Frontend 2022",
  "Understanding why our build got 15x slower with Webpack 5 - Tines Engineering",
  "Axios vs Fetch; comparison for beginners",
  "Finally, we made it! Introducing Lightence: Opensource Admin for building rich user interfaces significantly faster",
  "HTTPS Module Imports for NodeJS are on the way!",
  "[AskJS] Are open source projects still the best way to market your JS skills to prospective employers?",
  "A package pretending to be the roblox API removed from NPM",
  "[AskJS] Why does Oracle own the name \\"JavaScript\\"?",
  "Revenge of the JavaScript: Moving from Hugo to Next.js",
  "What's new in ES2021 or ES12?",
  "Thin Backend - Instant Postgres Backend for React/Vue/Svelte/... Apps with Realtime , Optimistic Updates &amp; Auto-generated TypeScript Bindings",
  "Payload launches new feature to auto-generate TypeScript interfaces",
  "We created an open source to view API traffic for Kubernetes enabling you to view all API communication between microservices. Mizu open source Monitoring network traffic in real-time. Supported protocols: HTTP/1.1 (REST, etc.) HTTP/2 (gRPC) AMQP (RabbitMQ, Apache Qpid, etc.)",
  "State Management: Separation of Concerns",
  "Talkr now supports React Native",
  "[AskJS] What useful dev tools do you wish more people knew about?",
  "Trending on GitHub: The open-source notifications infrastructure. A fully-featured node.js microservice for SMS, E-mail, Slack, Push, Embeddable notification center for React with real-time updates &amp; content management.",
  "Liqe – lightweight Lucene-like parser and serializer for JavaScript",
  "Why the number input is the worst input",
  "Why Outdated jQuery Is Still the Dominant JavaScript Library",
  "Wasp - language for developing full-stack Javascript web apps with no boilerplate [Testers Wanted]",
  "Component Encyclopedia is live!",
  "Presetter - Reuse your config files and build scripts over JS projects",
  "New Typosquatting Attack on npm Package ‘colors’ Using Cross-language Technique Explained",
  "Component Encyclopedia beta",
  "Hacks Decoded: Sara Soueidan, Award-Winning UI Design Engineer and Author",
  "Storybook launches a Figma plugin beta",
  "[AskJS] Is There Some Way to Lazy Evaluate Arrays in JavaScript?",
  "Speeding up VSCode (extensions) in 2022",
  "Why most design systems implode",
  "Announcing Interop 2022",
  "Visual Studio Code October 2021",
  "4 Essential Tips for Better Asynchronous Code in JavaScript",
  "I built an open source Chrome Extension that auto generates Playwright/Puppeteer scripts from your browser actions",
  "Introducing AutoAnimate — Add motion to your apps with a single line of code",
  "Major NPM outage",
  "How we migrated 541 components from Styled Components to Emotion with zero bugs",
  "Automate accessibility tests with Storybook",
  "A simple guide to Web Scraping with NodeJS",
  "Visual Studio Code July 2022",
  "Visual Studio Code August 2022",
  "The VS Code Server",
  "Znote: A markdown and JavaScript Lab inspired by Jupyter Notebook",
  "[AskJS] I don't like the code i write. How can i go beyond intermediate level?",
  "\\"Full-stack devs are in vogue now, but the future will see a major shift toward specialization in back end.\\" The former CTO of GitHub predicts that with increasing product complexity, the future of programming will see the decline of full-stack engineers",
  "Rust Is The Future of JavaScript Infrastructure",
  "Visual Studio Code January 2022",
  "Directus is a free and open-source data platform built in 100% JavaScript (Vue/Node). After years of development, we’d love your feedback!",
  "The James Webb Space Telescope runs JavaScript, apparently",
  "Postgres.js – Fastest Full-Featured PostgreSQL Client for Node and Deno",
  "Tailwind CSS v3.0 is here — bringing incredible performance gains, huge workflow improvements, and a seriously ridiculous number of new features.",
  "Default Exports in JavaScript Modules Are Terrible",
  "I'm helping to build a Figma to React code tool that generates high-quality, responsive, component-based code along with a real-fidelity live prototype that runs on code!",
  "Babylon.js 5.0 - quite simply the biggest, boldest, and most ambitious update to the platform to date. From full support of WebGPU, to the ability to deploy experiences across platforms with Native Capabilities, to more tools, features, and improvements than you can count",
  "Bringing forward the End-of-Life Date for Node.js 16",
  "Choosing a JavaScript UI framework in Oak's lab, because it's basically the same as choosing a Pokemon starter",
  "Migrating your React app from Webpack to Vite",
  "[AskJS] Anyone else use \`claß\` as a variable name since you can't use \`class\`?",
  "[AskJS] What are the most common interview questions for frontend?",
  "Fontfacer: micro web app where you drag 'n' drop font files and it spits out the CSS font rules for you",
  "New React Docs beta is live! Covers function components, hooks, rendering, state updates, and other key concepts",
  "Bundle: calculates real library bundle size based on custom-specified exports",
  "Redux in Minecraft",
  "Weird situation on Public APIs Github Repo lead to unsafe open-source project",
  "Temporal: New Data Type which is currently in stage 3 can completely change how dates are used in JavaScript environments.",
  "SkyrimAlchemyJS: Skyrim Alchemy Calculator",
  "Introducing Ezno",
  "A tool that identifies NPM libraries inside production Webpack bundle by entering a website URL",
  "Why practicing DRY in tests is bad for you",
  "[AskJS] Real world examples of functional JavaScript?",
  "Wayne: Like express.js but for Service Worker",
  "AbortController is your friend",
  "Rewriting tests from Cypress to Playwright using GPT3 by Gajus Kuizinas",
  "Popular 'coa' NPM library hijacked to steal user passwords",
  "Yes, I can connect to a DB in CSS",
  "Capture the flag: A Node.js web app vulnerability practice",
  "Why we migrated to TypeScript after all",
  "MDN dropped IE compatibility data from their site",
  "Reverse engineering a proprietary USB control driver for a mechanical keyboard and building an open source equivalent with node-usb",
  "Error cause: a new feature in JS that can help a lot with debugging",
  "Stop The Screen Going To Sleep With JavaScript",
  "[AskJS] Do you / your company have a caniuse threshold where you stop polyfilling a feature once x% of browsers support it?",
  "We created an open source to view API traffic for Kubernetes enabling you to view all API communication between microservices. Mizu open source Monitoring network traffic in real-time. Supported protocols: HTTP/1.1 (REST, etc.) HTTP/2 (gRPC) AMQP (RabbitMQ, Apache Qpid, etc.)",
  "WebKit: Meet Web Push",
  "Roll your own JavaScript runtime",
  "[AskJS] Difference between For Loops",
  "A Weaponized npm Package '@core-pas/cyb-core' Proclaimed Pentesting Related",
  "deep clone with structuredClone() - Web APIs | MDN",
  "'The best thing we can do today to JavaScript is to retire it,' says JSON creator Douglas Crockford",
  "Theatre.js - Motion Design, for the web. Theatre.js is a JavaScript animation library with a GUI. It animates the DOM, WebGL, and any other JavaScript variable",
  "[AskJS] Why is one-way binding better than two-way?",
  "React state management in 2022 — Return of the Redux",
  "[AskJS] Is pure functional programming widely used at startups nowadays?",
  "Upcoming ECMAScript features I'm excited about",
  "Web Audio Modem - What do you do when you cannot copy text between computers due to lack of internet connectivity? Build a modem using the Web Audio API, allowing data transfer via audio",
  "[AskJS] Why are classes so rare in modern JS development?",
  "GitHub - gluecodes/storecle: A neat uni-directional app state management for React and Solid.",
  "BattleScripts BETA: Write js code to play games. May the best algorithm win.",
  "Chrome 99 will ship with the HTMLInputElement showPicker() method - show a browser picker for &lt;input&gt; elements with these types: \\"date\\", \\"month\\", \\"week\\", \\"time\\", \\"datetime-local\\", \\"color\\", and \\"file\\"",
  "Defeating Javascript Obfuscation",
  "iOS Privacy: Announcing InAppBrowser.com - see what JavaScript commands get injected through an in-app browser",
  "Javascript readability vs performance: a false tradeoff",
  "ECMAScript proposal: grouping Arrays via .groupBy() and .groupByToMap()",
  "JavaScript Dev Tools in 2022",
  "Turborepo 1.2: High-performance build system for JavaScript &amp; TypeScript monorepos",
  "[AskJS] Which javascript framework is similar to ruby on rails or django?",
  "Algorithms and data structures implemented in JavaScript with explanations and links to further readings",
  "Vue 2.7 \\"Naruto\\" Released - Despite Vue 3 now being the default version, we understand that there are still many users who have to stay on Vue 2. In Vue 2.7, we have backported some of the most important features from Vue 3 so that Vue 2 users can benefit from them as well",
  "Why Async/Await Is More Than Just Syntactic Sugar",
  "Protestware on the rise: Why developers are sabotaging their own code – TechCrunch",
  "Building the first open-source notification infrastructure",
  "Wren: A small, but powerful HTTP library for Deno, built for convenience and simplicity",
  "Announcing Next.js Conf on October 25",
  "Whole Rust Audio Engine as one Single Web Audio Node: A 2MB, GC-Free, Memory-Safe, and Easy-to-Use Audio Library on NPM for Browsers",
  "Introducing fuite: a tool for finding memory leaks in web apps",
  "Lots to see in Firefox 93!",
  "matrix (web-based green code rain)",
  "[AskJS] How did you learn Javascript?",
  "A note about Lodash and Tree shaking",
  "Announcing TypeScript 4.7 Beta",
  "Announcing TypeScript 4.9 Beta",
  "Warning bitcoin mining infection: ua-parser-js library",
  "jQuery maintainers continue modernization initiative with deprecation of jQuery Mobile",
  "JSON And The Stringification Oddities In JavaScript",
  "Announcing TypeScript 4.6 Beta",
  "[AskJS] Why is is prettier used if eslint can format?",
  "[AskJS] Confused and Struggling",
  "[AskJS] How has JavaScript's reputation evolved over the years?",
  "Building a Vaporwave scene with Three.js",
  "Fellow humans, it is 2022-01-01T00:00:00+00:00.",
  "We meme, but these kinds of job postings do exist. 7+ years experience with Vue even though it hasn’t even existed for that long?!",
  "Plasmo – a framework for building modern Chrome extensions",
  "[AskJS] How can we improve the MongoDB driver?",
  "TinyBase - Using plain old JavaScript objects to manage data gets old very quickly. It's error-prone, tricky to track changes efficiently, and easy to mistakenly incur performance costs. TinyBase is a smarter way to structure your application state",
  "Created an utility for improving logs of objects on Node.js",
  "Exploiting JavaScript quirks for fun and profit - what do you think about this use case for \\"with() {}\\"?",
  "[AskJS] What are the one-liners you shouldn't ever use?",
  "I created a draggable carousel with momentum scrolling and mobile support using Vanilla JavaScript",
  "How JavaScript Array Works Internally?",
  "Blitz is pivoting - What do you think?",
  "Actually Serverless -- Run HTTP Endpoints in your browser",
  "Maybe you don't need Rust and WASM to speed up your JS",
  "React Router V5 vs V6. Let us check out some of the key changes.",
  "Updates from the 89th TC39 meeting",
  "Great JavaScript bloggers to follow in 2022",
  "winkNLP a Developer friendly Natural Language Processing in JavaScript &amp; NodeJS. Runs on browser",
  "Did React Win the 201* Framework Wars?",
  "Temporal API - A new approach to managing Date and Time in JS | refine",
  "The new wave of Javascript web frameworks",
  "[AskJS] How do you handle i18n in your applications? [survey]",
  "Shifty The fastest JavaScript animation engine on the web",
  "N64 Wasm: A modern web based N64 emulator",
  "[AskJS] Anyone else find Firefox devtools subpar?",
  "[AskJS] How many of you are already using vitest in production, and what are your experiences?",
  "I just created a new project called Kotaplate, an admin template alternatif for AdminLTE hoping your feedback thank you",
  "Inside JavaScript Engines, Part 1: Parsing",
  "[AskJS] Why are there $ and $$ functions ? (no, it's probably not jQuery)",
  "Really Async JSON Interface: a non-blocking alternative to JSON.parse to keep web UIs responsive",
  "[AskJS] How often do you use the ES6+(ES7, ES8, ES9 and ES10) syntax? Do you like it? Does it help?",
  "[AskJS] Where will I need to write generator functions?",
  "[AskJS] - Youtube tutorials recommendations for advanced?",
  "How we employed the new ECMAScript Module Support in typescript",
  "How to execute at most N concurrent tasks without external dependencies",
  "Reduced Startup Time of our backend service by 80% With Webpack",
  "[AskJS] Which newer/better alternative to Grunt?",
  "Locks in JS, because why not?",
  "The new wave of React state management",
  "I implemented the DOOM Fire in 3D/Voxels with JavaScript",
  "ReScript on Deno: Declarative Command Line Tools",
  "How To Camelize Object Typing in TypeScript Without Any Library (sharing my journey)",
  "I've been making JavaScript sandbox alone for 6 years",
  "Lexical, an extensible text editor framework",
  "GitHub - yewang/besogo: Embeddable SGF editor/viewer for the game of Go (aka Weiqi, Baduk)",
  "Marak adds infinite loop to colors.js.",
  "fetch() In Node.js Core: Why You Should Care",
  "What every JavaScript developer should know about Unicode",
  "Logto - Open-source alternative to Auth0, with cross-platform UI and dark mode out-of-the-box",
  "[AskJS] How do you deal with floats in production apps?",
  "Hey guys, here’s an article on Front-end testing: principles, levels, libraries, and automation. Please indulge yourselves.",
  "I posted an article where I shared how to abort API requests in axios and fetch methods",
  "Using Docker to Containerize NodeJS and MongoDB Application",
  "Bundle environment variables in create-react-app at launch time (not build time)!",
  "Node.js will include support for \`fetch\` in their next release",
  "Voby: A new frontend framework with high performance, no special Babel transform and no magic",
  "I created a resource to help explain what a exactly a design system is, the features that can compose one, and tools to help build one.",
  "React-Redux v8.0.0: React 18 support, TS conversion, modern build output!",
  "Ten Years of TypeScript",
  "10x faster JSON.stringify() and runtime type checkers",
  "Bad Habits of Mid-Level React Developers",
  "Can you play the snake game in favicon?",
  "The Lookup Types in TypeScript",
  "GitHub is finally improving its search experience",
  "A gentle introduction to js performance profiler",
  "A spooky error when you have a string bigger than 512MB in Chrome",
  "The cost of return await - How return await can slow down your code.",
  "[AskJS] Why there is so much hatred toward using Javascript on the Backend for C#/Java and others tech stack programmer ? Is it performance alone ? Do you consider yourself a full stack senior JS dev ?",
  "qb.js: An implementation of QBASIC in Javascript",
  "Since we weren't able to go to a fireworks display in person, I made one with JavaScript and the HTML5 canvas. Enjoy, and Happy New Year to all y'all programmers out there!",
  "I've made a 3D shooter in HTML without canvas. Eveything you see is just a lot of &lt;div&gt;'s. Started to work with this 4 years ago...I would be happy if someone check it :)",
  "AdonisJS - A fully featured web framework for Node.js",
  "[AskJS] Pull Requests Anxiety help",
  "CSR vs SSR case study",
  "Here's my ~700 byte library for sliding elements open + closed (now supports animating padding too).",
]
`;
